src/components/SidePanel.tsx(4,3): error TS6133: 'Maximize2' is declared but its value is never read.
src/components/SidePanel.tsx(9,3): error TS6133: 'ChevronRight' is declared but its value is never read.
